// Jest Snapshot v1, https://goo.gl/fbAQLP

exports[`enzyme context snapshot should render children for snapshot 1`] = `ShallowWrapper {}`;
